// Jest Snapshot v1, https://goo.gl/fbAQLP

exports[`<AccountFormField /> should render the account form field component 1`] = `
<div
  className="account__form-group"
>
  <label
    className="account__label account__label--with-icon"
    htmlFor="email"
  >
    <span
      className="icon icon--user"
    />
  </label>
  <input
    className="account__form-control"
    id="email"
  />
</div>
`;
